Archive member included because of file (symbol)

c:/program files (x86)/atmel/atmel toolchain/avr8 gcc/native/3.4.1061/avr8-gnu-toolchain/bin/../lib/gcc/avr/4.8.1/avr51\libgcc.a(_exit.o)
                              c:/program files (x86)/atmel/atmel toolchain/avr8 gcc/native/3.4.1061/avr8-gnu-toolchain/bin/../lib/gcc/avr/4.8.1/../../../../avr/lib/avr51/crtm1281.o (exit)
c:/program files (x86)/atmel/atmel toolchain/avr8 gcc/native/3.4.1061/avr8-gnu-toolchain/bin/../lib/gcc/avr/4.8.1/avr51\libgcc.a(_tablejump.o)
                              DoorSecurity_System_RFID_Keypad.o (__tablejump2__)
c:/program files (x86)/atmel/atmel toolchain/avr8 gcc/native/3.4.1061/avr8-gnu-toolchain/bin/../lib/gcc/avr/4.8.1/avr51\libgcc.a(_copy_data.o)
                              DoorSecurity_System_RFID_Keypad.o (__do_copy_data)
c:/program files (x86)/atmel/atmel toolchain/avr8 gcc/native/3.4.1061/avr8-gnu-toolchain/bin/../lib/gcc/avr/4.8.1/avr51\libgcc.a(_clear_bss.o)
                              DoorSecurity_System_RFID_Keypad.o (__do_clear_bss)

Allocating common symbols
Common symbol       size              file

keyCode             0x3               DoorSecurity_System_RFID_Keypad.o
RFID_DATA_BUFFER    0x10              DoorSecurity_System_RFID_Keypad.o
tempKeyCode         0x3               DoorSecurity_System_RFID_Keypad.o
keyValue            0x1               DoorSecurity_System_RFID_Keypad.o
correctKey          0x2               DoorSecurity_System_RFID_Keypad.o
LCDreg              0x1               DoorSecurity_System_RFID_Keypad.o
cardScanned         0x2               DoorSecurity_System_RFID_Keypad.o
buzz_value          0x2               DoorSecurity_System_RFID_Keypad.o
wrong_value         0x2               DoorSecurity_System_RFID_Keypad.o
RFID_BYTE_COUNT     0x1               DoorSecurity_System_RFID_Keypad.o
iMatch              0x2               DoorSecurity_System_RFID_Keypad.o
cardScanned2        0x2               DoorSecurity_System_RFID_Keypad.o

Discarded input sections

 .data          0x00000000        0x0 c:/program files (x86)/atmel/atmel toolchain/avr8 gcc/native/3.4.1061/avr8-gnu-toolchain/bin/../lib/gcc/avr/4.8.1/../../../../avr/lib/avr51/crtm1281.o
 .bss           0x00000000        0x0 c:/program files (x86)/atmel/atmel toolchain/avr8 gcc/native/3.4.1061/avr8-gnu-toolchain/bin/../lib/gcc/avr/4.8.1/../../../../avr/lib/avr51/crtm1281.o
 .text          0x00000000        0x0 DoorSecurity_System_RFID_Keypad.o
 .data          0x00000000        0x0 DoorSecurity_System_RFID_Keypad.o
 .bss           0x00000000        0x0 DoorSecurity_System_RFID_Keypad.o
 .text.lcd_CursorOn
                0x00000000       0x14 DoorSecurity_System_RFID_Keypad.o
 .text.lcd_DisplayOn
                0x00000000       0x14 DoorSecurity_System_RFID_Keypad.o
 .text.lcd_DisplayOff
                0x00000000       0x14 DoorSecurity_System_RFID_Keypad.o
 .text.lcd_BarGraph
                0x00000000       0x42 DoorSecurity_System_RFID_Keypad.o
 .text.lcd_ShiftLeft
                0x00000000        0xc DoorSecurity_System_RFID_Keypad.o
 .text.lcd_ShiftRight
                0x00000000        0xc DoorSecurity_System_RFID_Keypad.o
 .text.lcd_OneLineMode
                0x00000000        0xc DoorSecurity_System_RFID_Keypad.o
 .text.lcd_TwoLineMode
                0x00000000        0xc DoorSecurity_System_RFID_Keypad.o
 .text.lcd_WriteVariable_withValueAndPositionParameters
                0x00000000       0x20 DoorSecurity_System_RFID_Keypad.o
 .text.lcd_WriteVariable_withValueAndPositionParameters_SingleDecimalDigit
                0x00000000       0x22 DoorSecurity_System_RFID_Keypad.o
 .text.RFID_DISPLAY_TAG_ID_ON_LCD
                0x00000000       0x26 DoorSecurity_System_RFID_Keypad.o
 .text.RFID_DISPLAY_TAG_CHECKSUM_ON_LCD
                0x00000000       0x1e DoorSecurity_System_RFID_Keypad.o
 .text.setScannedCard2
                0x00000000        0xe DoorSecurity_System_RFID_Keypad.o
 .text.ENABLE_INT1
                0x00000000        0x6 DoorSecurity_System_RFID_Keypad.o
 .text.DISABLE_INT1
                0x00000000        0x4 DoorSecurity_System_RFID_Keypad.o
 .text.startTimer
                0x00000000       0x2e DoorSecurity_System_RFID_Keypad.o
 .text.DebounceDelay
                0x00000000       0x22 DoorSecurity_System_RFID_Keypad.o
 .bss.LCD_UPDATED
                0x00000000        0x1 DoorSecurity_System_RFID_Keypad.o
 .data.count    0x00000000        0x2 DoorSecurity_System_RFID_Keypad.o
 .bss.VALID     0x00000000        0x1 DoorSecurity_System_RFID_Keypad.o
 .text          0x00000000        0x0 c:/program files (x86)/atmel/atmel toolchain/avr8 gcc/native/3.4.1061/avr8-gnu-toolchain/bin/../lib/gcc/avr/4.8.1/avr51\libgcc.a(_exit.o)
 .data          0x00000000        0x0 c:/program files (x86)/atmel/atmel toolchain/avr8 gcc/native/3.4.1061/avr8-gnu-toolchain/bin/../lib/gcc/avr/4.8.1/avr51\libgcc.a(_exit.o)
 .bss           0x00000000        0x0 c:/program files (x86)/atmel/atmel toolchain/avr8 gcc/native/3.4.1061/avr8-gnu-toolchain/bin/../lib/gcc/avr/4.8.1/avr51\libgcc.a(_exit.o)
 .text.libgcc.mul
                0x00000000        0x0 c:/program files (x86)/atmel/atmel toolchain/avr8 gcc/native/3.4.1061/avr8-gnu-toolchain/bin/../lib/gcc/avr/4.8.1/avr51\libgcc.a(_exit.o)
 .text.libgcc.div
                0x00000000        0x0 c:/program files (x86)/atmel/atmel toolchain/avr8 gcc/native/3.4.1061/avr8-gnu-toolchain/bin/../lib/gcc/avr/4.8.1/avr51\libgcc.a(_exit.o)
 .text.libgcc   0x00000000        0x0 c:/program files (x86)/atmel/atmel toolchain/avr8 gcc/native/3.4.1061/avr8-gnu-toolchain/bin/../lib/gcc/avr/4.8.1/avr51\libgcc.a(_exit.o)
 .text.libgcc.prologue
                0x00000000        0x0 c:/program files (x86)/atmel/atmel toolchain/avr8 gcc/native/3.4.1061/avr8-gnu-toolchain/bin/../lib/gcc/avr/4.8.1/avr51\libgcc.a(_exit.o)
 .text.libgcc.builtins
                0x00000000        0x0 c:/program files (x86)/atmel/atmel toolchain/avr8 gcc/native/3.4.1061/avr8-gnu-toolchain/bin/../lib/gcc/avr/4.8.1/avr51\libgcc.a(_exit.o)
 .text.libgcc.fmul
                0x00000000        0x0 c:/program files (x86)/atmel/atmel toolchain/avr8 gcc/native/3.4.1061/avr8-gnu-toolchain/bin/../lib/gcc/avr/4.8.1/avr51\libgcc.a(_exit.o)
 .text.libgcc.fixed
                0x00000000        0x0 c:/program files (x86)/atmel/atmel toolchain/avr8 gcc/native/3.4.1061/avr8-gnu-toolchain/bin/../lib/gcc/avr/4.8.1/avr51\libgcc.a(_exit.o)
 .text          0x00000000        0x0 c:/program files (x86)/atmel/atmel toolchain/avr8 gcc/native/3.4.1061/avr8-gnu-toolchain/bin/../lib/gcc/avr/4.8.1/avr51\libgcc.a(_tablejump.o)
 .data          0x00000000        0x0 c:/program files (x86)/atmel/atmel toolchain/avr8 gcc/native/3.4.1061/avr8-gnu-toolchain/bin/../lib/gcc/avr/4.8.1/avr51\libgcc.a(_tablejump.o)
 .bss           0x00000000        0x0 c:/program files (x86)/atmel/atmel toolchain/avr8 gcc/native/3.4.1061/avr8-gnu-toolchain/bin/../lib/gcc/avr/4.8.1/avr51\libgcc.a(_tablejump.o)
 .text.libgcc.mul
                0x00000000        0x0 c:/program files (x86)/atmel/atmel toolchain/avr8 gcc/native/3.4.1061/avr8-gnu-toolchain/bin/../lib/gcc/avr/4.8.1/avr51\libgcc.a(_tablejump.o)
 .text.libgcc.div
                0x00000000        0x0 c:/program files (x86)/atmel/atmel toolchain/avr8 gcc/native/3.4.1061/avr8-gnu-toolchain/bin/../lib/gcc/avr/4.8.1/avr51\libgcc.a(_tablejump.o)
 .text.libgcc.prologue
                0x00000000        0x0 c:/program files (x86)/atmel/atmel toolchain/avr8 gcc/native/3.4.1061/avr8-gnu-toolchain/bin/../lib/gcc/avr/4.8.1/avr51\libgcc.a(_tablejump.o)
 .text.libgcc.builtins
                0x00000000        0x0 c:/program files (x86)/atmel/atmel toolchain/avr8 gcc/native/3.4.1061/avr8-gnu-toolchain/bin/../lib/gcc/avr/4.8.1/avr51\libgcc.a(_tablejump.o)
 .text.libgcc.fmul
                0x00000000        0x0 c:/program files (x86)/atmel/atmel toolchain/avr8 gcc/native/3.4.1061/avr8-gnu-toolchain/bin/../lib/gcc/avr/4.8.1/avr51\libgcc.a(_tablejump.o)
 .text.libgcc.fixed
                0x00000000        0x0 c:/program files (x86)/atmel/atmel toolchain/avr8 gcc/native/3.4.1061/avr8-gnu-toolchain/bin/../lib/gcc/avr/4.8.1/avr51\libgcc.a(_tablejump.o)
 .text          0x00000000        0x0 c:/program files (x86)/atmel/atmel toolchain/avr8 gcc/native/3.4.1061/avr8-gnu-toolchain/bin/../lib/gcc/avr/4.8.1/avr51\libgcc.a(_copy_data.o)
 .data          0x00000000        0x0 c:/program files (x86)/atmel/atmel toolchain/avr8 gcc/native/3.4.1061/avr8-gnu-toolchain/bin/../lib/gcc/avr/4.8.1/avr51\libgcc.a(_copy_data.o)
 .bss           0x00000000        0x0 c:/program files (x86)/atmel/atmel toolchain/avr8 gcc/native/3.4.1061/avr8-gnu-toolchain/bin/../lib/gcc/avr/4.8.1/avr51\libgcc.a(_copy_data.o)
 .text.libgcc.mul
                0x00000000        0x0 c:/program files (x86)/atmel/atmel toolchain/avr8 gcc/native/3.4.1061/avr8-gnu-toolchain/bin/../lib/gcc/avr/4.8.1/avr51\libgcc.a(_copy_data.o)
 .text.libgcc.div
                0x00000000        0x0 c:/program files (x86)/atmel/atmel toolchain/avr8 gcc/native/3.4.1061/avr8-gnu-toolchain/bin/../lib/gcc/avr/4.8.1/avr51\libgcc.a(_copy_data.o)
 .text.libgcc   0x00000000        0x0 c:/program files (x86)/atmel/atmel toolchain/avr8 gcc/native/3.4.1061/avr8-gnu-toolchain/bin/../lib/gcc/avr/4.8.1/avr51\libgcc.a(_copy_data.o)
 .text.libgcc.prologue
                0x00000000        0x0 c:/program files (x86)/atmel/atmel toolchain/avr8 gcc/native/3.4.1061/avr8-gnu-toolchain/bin/../lib/gcc/avr/4.8.1/avr51\libgcc.a(_copy_data.o)
 .text.libgcc.builtins
                0x00000000        0x0 c:/program files (x86)/atmel/atmel toolchain/avr8 gcc/native/3.4.1061/avr8-gnu-toolchain/bin/../lib/gcc/avr/4.8.1/avr51\libgcc.a(_copy_data.o)
 .text.libgcc.fmul
                0x00000000        0x0 c:/program files (x86)/atmel/atmel toolchain/avr8 gcc/native/3.4.1061/avr8-gnu-toolchain/bin/../lib/gcc/avr/4.8.1/avr51\libgcc.a(_copy_data.o)
 .text.libgcc.fixed
                0x00000000        0x0 c:/program files (x86)/atmel/atmel toolchain/avr8 gcc/native/3.4.1061/avr8-gnu-toolchain/bin/../lib/gcc/avr/4.8.1/avr51\libgcc.a(_copy_data.o)
 .text          0x00000000        0x0 c:/program files (x86)/atmel/atmel toolchain/avr8 gcc/native/3.4.1061/avr8-gnu-toolchain/bin/../lib/gcc/avr/4.8.1/avr51\libgcc.a(_clear_bss.o)
 .data          0x00000000        0x0 c:/program files (x86)/atmel/atmel toolchain/avr8 gcc/native/3.4.1061/avr8-gnu-toolchain/bin/../lib/gcc/avr/4.8.1/avr51\libgcc.a(_clear_bss.o)
 .bss           0x00000000        0x0 c:/program files (x86)/atmel/atmel toolchain/avr8 gcc/native/3.4.1061/avr8-gnu-toolchain/bin/../lib/gcc/avr/4.8.1/avr51\libgcc.a(_clear_bss.o)
 .text.libgcc.mul
                0x00000000        0x0 c:/program files (x86)/atmel/atmel toolchain/avr8 gcc/native/3.4.1061/avr8-gnu-toolchain/bin/../lib/gcc/avr/4.8.1/avr51\libgcc.a(_clear_bss.o)
 .text.libgcc.div
                0x00000000        0x0 c:/program files (x86)/atmel/atmel toolchain/avr8 gcc/native/3.4.1061/avr8-gnu-toolchain/bin/../lib/gcc/avr/4.8.1/avr51\libgcc.a(_clear_bss.o)
 .text.libgcc   0x00000000        0x0 c:/program files (x86)/atmel/atmel toolchain/avr8 gcc/native/3.4.1061/avr8-gnu-toolchain/bin/../lib/gcc/avr/4.8.1/avr51\libgcc.a(_clear_bss.o)
 .text.libgcc.prologue
                0x00000000        0x0 c:/program files (x86)/atmel/atmel toolchain/avr8 gcc/native/3.4.1061/avr8-gnu-toolchain/bin/../lib/gcc/avr/4.8.1/avr51\libgcc.a(_clear_bss.o)
 .text.libgcc.builtins
                0x00000000        0x0 c:/program files (x86)/atmel/atmel toolchain/avr8 gcc/native/3.4.1061/avr8-gnu-toolchain/bin/../lib/gcc/avr/4.8.1/avr51\libgcc.a(_clear_bss.o)
 .text.libgcc.fmul
                0x00000000        0x0 c:/program files (x86)/atmel/atmel toolchain/avr8 gcc/native/3.4.1061/avr8-gnu-toolchain/bin/../lib/gcc/avr/4.8.1/avr51\libgcc.a(_clear_bss.o)
 .text.libgcc.fixed
                0x00000000        0x0 c:/program files (x86)/atmel/atmel toolchain/avr8 gcc/native/3.4.1061/avr8-gnu-toolchain/bin/../lib/gcc/avr/4.8.1/avr51\libgcc.a(_clear_bss.o)

Memory Configuration

Name             Origin             Length             Attributes
text             0x00000000         0x00020000         xr
data             0x00800100         0x0000ff00         rw !x
eeprom           0x00810000         0x00010000         rw !x
fuse             0x00820000         0x00000400         rw !x
lock             0x00830000         0x00000400         rw !x
signature        0x00840000         0x00000400         rw !x
user_signatures  0x00850000         0x00000400         rw !x
*default*        0x00000000         0xffffffff

Linker script and memory map

Address of section .data set to 0x800200
LOAD c:/program files (x86)/atmel/atmel toolchain/avr8 gcc/native/3.4.1061/avr8-gnu-toolchain/bin/../lib/gcc/avr/4.8.1/../../../../avr/lib/avr51/crtm1281.o
LOAD DoorSecurity_System_RFID_Keypad.o
START GROUP
LOAD c:/program files (x86)/atmel/atmel toolchain/avr8 gcc/native/3.4.1061/avr8-gnu-toolchain/bin/../lib/gcc/avr/4.8.1/../../../../avr/lib/avr51\libm.a
END GROUP
START GROUP
LOAD c:/program files (x86)/atmel/atmel toolchain/avr8 gcc/native/3.4.1061/avr8-gnu-toolchain/bin/../lib/gcc/avr/4.8.1/avr51\libgcc.a
LOAD c:/program files (x86)/atmel/atmel toolchain/avr8 gcc/native/3.4.1061/avr8-gnu-toolchain/bin/../lib/gcc/avr/4.8.1/../../../../avr/lib/avr51\libm.a
LOAD c:/program files (x86)/atmel/atmel toolchain/avr8 gcc/native/3.4.1061/avr8-gnu-toolchain/bin/../lib/gcc/avr/4.8.1/../../../../avr/lib/avr51\libc.a
END GROUP

.hash
 *(.hash)

.dynsym
 *(.dynsym)

.dynstr
 *(.dynstr)

.gnu.version
 *(.gnu.version)

.gnu.version_d
 *(.gnu.version_d)

.gnu.version_r
 *(.gnu.version_r)

.rel.init
 *(.rel.init)

.rela.init
 *(.rela.init)

.rel.text
 *(.rel.text)
 *(.rel.text.*)
 *(.rel.gnu.linkonce.t*)

.rela.text
 *(.rela.text)
 *(.rela.text.*)
 *(.rela.gnu.linkonce.t*)

.rel.fini
 *(.rel.fini)

.rela.fini
 *(.rela.fini)

.rel.rodata
 *(.rel.rodata)
 *(.rel.rodata.*)
 *(.rel.gnu.linkonce.r*)

.rela.rodata
 *(.rela.rodata)
 *(.rela.rodata.*)
 *(.rela.gnu.linkonce.r*)

.rel.data
 *(.rel.data)
 *(.rel.data.*)
 *(.rel.gnu.linkonce.d*)

.rela.data
 *(.rela.data)
 *(.rela.data.*)
 *(.rela.gnu.linkonce.d*)

.rel.ctors
 *(.rel.ctors)

.rela.ctors
 *(.rela.ctors)

.rel.dtors
 *(.rel.dtors)

.rela.dtors
 *(.rela.dtors)

.rel.got
 *(.rel.got)

.rela.got
 *(.rela.got)

.rel.bss
 *(.rel.bss)

.rela.bss
 *(.rela.bss)

.rel.plt
 *(.rel.plt)

.rela.plt
 *(.rela.plt)

.text           0x00000000      0xbba
 *(.vectors)
 .vectors       0x00000000       0xcc c:/program files (x86)/atmel/atmel toolchain/avr8 gcc/native/3.4.1061/avr8-gnu-toolchain/bin/../lib/gcc/avr/4.8.1/../../../../avr/lib/avr51/crtm1281.o
                0x00000000                __vector_default
                0x00000000                __vectors
 *(.vectors)
 *(.progmem.gcc*)
 .progmem.gcc_sw_table.constructCode
                0x000000cc       0x12 DoorSecurity_System_RFID_Keypad.o
                0x000000de                . = ALIGN (0x2)
                0x000000de                __trampolines_start = .
 *(.trampolines)
 .trampolines   0x000000de        0x0 linker stubs
 *(.trampolines*)
                0x000000de                __trampolines_end = .
 *(.progmem*)
                0x000000de                . = ALIGN (0x2)
 *(.jumptables)
 *(.jumptables*)
 *(.lowtext)
 *(.lowtext*)
                0x000000de                __ctors_start = .
 *(.ctors)
                0x000000de                __ctors_end = .
                0x000000de                __dtors_start = .
 *(.dtors)
                0x000000de                __dtors_end = .
 SORT(*)(.ctors)
 SORT(*)(.dtors)
 *(.init0)
 .init0         0x000000de        0x0 c:/program files (x86)/atmel/atmel toolchain/avr8 gcc/native/3.4.1061/avr8-gnu-toolchain/bin/../lib/gcc/avr/4.8.1/../../../../avr/lib/avr51/crtm1281.o
                0x000000de                __init
 *(.init0)
 *(.init1)
 *(.init1)
 *(.init2)
 .init2         0x000000de        0xc c:/program files (x86)/atmel/atmel toolchain/avr8 gcc/native/3.4.1061/avr8-gnu-toolchain/bin/../lib/gcc/avr/4.8.1/../../../../avr/lib/avr51/crtm1281.o
 *(.init2)
 *(.init3)
 *(.init3)
 *(.init4)
 .init4         0x000000ea       0x1a c:/program files (x86)/atmel/atmel toolchain/avr8 gcc/native/3.4.1061/avr8-gnu-toolchain/bin/../lib/gcc/avr/4.8.1/avr51\libgcc.a(_copy_data.o)
                0x000000ea                __do_copy_data
 .init4         0x00000104       0x10 c:/program files (x86)/atmel/atmel toolchain/avr8 gcc/native/3.4.1061/avr8-gnu-toolchain/bin/../lib/gcc/avr/4.8.1/avr51\libgcc.a(_clear_bss.o)
                0x00000104                __do_clear_bss
 *(.init4)
 *(.init5)
 *(.init5)
 *(.init6)
 *(.init6)
 *(.init7)
 *(.init7)
 *(.init8)
 *(.init8)
 *(.init9)
 .init9         0x00000114        0x4 c:/program files (x86)/atmel/atmel toolchain/avr8 gcc/native/3.4.1061/avr8-gnu-toolchain/bin/../lib/gcc/avr/4.8.1/../../../../avr/lib/avr51/crtm1281.o
 *(.init9)
 *(.text)
 .text          0x00000118        0x2 c:/program files (x86)/atmel/atmel toolchain/avr8 gcc/native/3.4.1061/avr8-gnu-toolchain/bin/../lib/gcc/avr/4.8.1/../../../../avr/lib/avr51/crtm1281.o
                0x00000118                __vector_38
                0x00000118                __vector_22
                0x00000118                __vector_28
                0x00000118                __vector_32
                0x00000118                __vector_34
                0x00000118                __vector_24
                0x00000118                __vector_12
                0x00000118                __vector_46
                0x00000118                __bad_interrupt
                0x00000118                __vector_6
                0x00000118                __vector_31
                0x00000118                __vector_35
                0x00000118                __vector_39
                0x00000118                __vector_3
                0x00000118                __vector_23
                0x00000118                __vector_30
                0x00000118                __vector_45
                0x00000118                __vector_25
                0x00000118                __vector_11
                0x00000118                __vector_13
                0x00000118                __vector_19
                0x00000118                __vector_7
                0x00000118                __vector_49
                0x00000118                __vector_41
                0x00000118                __vector_43
                0x00000118                __vector_27
                0x00000118                __vector_5
                0x00000118                __vector_33
                0x00000118                __vector_47
                0x00000118                __vector_37
                0x00000118                __vector_4
                0x00000118                __vector_44
                0x00000118                __vector_9
                0x00000118                __vector_21
                0x00000118                __vector_15
                0x00000118                __vector_29
                0x00000118                __vector_40
                0x00000118                __vector_8
                0x00000118                __vector_26
                0x00000118                __vector_48
                0x00000118                __vector_14
                0x00000118                __vector_10
                0x00000118                __vector_50
                0x00000118                __vector_16
                0x00000118                __vector_18
                0x00000118                __vector_20
                0x00000118                __vector_42
                0x0000011a                . = ALIGN (0x2)
 *(.text.*)
 .text.lcd_Wait
                0x0000011a       0x1c DoorSecurity_System_RFID_Keypad.o
                0x0000011a                lcd_Wait
 .text.lcd_WriteFunctionCommand
                0x00000136       0x10 DoorSecurity_System_RFID_Keypad.o
                0x00000136                lcd_WriteFunctionCommand
 .text.lcd_ReadFunctionCommand
                0x00000146       0x10 DoorSecurity_System_RFID_Keypad.o
                0x00000146                lcd_ReadFunctionCommand
 .text.lcd_Clear
                0x00000156        0xa DoorSecurity_System_RFID_Keypad.o
                0x00000156                lcd_Clear
 .text.lcd_StandardMode
                0x00000160       0x1a DoorSecurity_System_RFID_Keypad.o
                0x00000160                lcd_StandardMode
 .text.lcd_SetCursor
                0x0000017a        0xa DoorSecurity_System_RFID_Keypad.o
                0x0000017a                lcd_SetCursor
 .text.lcd_WriteChar
                0x00000184       0x14 DoorSecurity_System_RFID_Keypad.o
                0x00000184                lcd_WriteChar
 .text.lcd_WriteString
                0x00000198       0x38 DoorSecurity_System_RFID_Keypad.o
                0x00000198                lcd_WriteString
 .text.lcd_on   0x000001d0        0xa DoorSecurity_System_RFID_Keypad.o
                0x000001d0                lcd_on
 .text.lcd_CursorOff
                0x000001da       0x10 DoorSecurity_System_RFID_Keypad.o
                0x000001da                lcd_CursorOff
 .text.lcd_CursorPositionOff
                0x000001ea        0xa DoorSecurity_System_RFID_Keypad.o
                0x000001ea                lcd_CursorPositionOff
 .text.RFID_STORE_BYTE_IN_BUFFER
                0x000001f4       0x16 DoorSecurity_System_RFID_Keypad.o
                0x000001f4                RFID_STORE_BYTE_IN_BUFFER
 .text.RFID_DISPLAY_TAG_FULL_DATA_ON_LCD
                0x0000020a       0x22 DoorSecurity_System_RFID_Keypad.o
                0x0000020a                RFID_DISPLAY_TAG_FULL_DATA_ON_LCD
 .text.RFID_ERROR
                0x0000022c       0x10 DoorSecurity_System_RFID_Keypad.o
                0x0000022c                RFID_ERROR
 .text.RFID_READ_VALIDATE
                0x0000023c       0x6a DoorSecurity_System_RFID_Keypad.o
                0x0000023c                RFID_READ_VALIDATE
 .text.USART_SETUP_9600_BAUD_ASSUME_1MHz_CLOCK
                0x000002a6       0x1e DoorSecurity_System_RFID_Keypad.o
                0x000002a6                USART_SETUP_9600_BAUD_ASSUME_1MHz_CLOCK
 .text.__vector_36
                0x000002c4       0x60 DoorSecurity_System_RFID_Keypad.o
                0x000002c4                __vector_36
 .text.InitialiseGeneral
                0x00000324       0x32 DoorSecurity_System_RFID_Keypad.o
                0x00000324                InitialiseGeneral
 .text.Initialise_INT0
                0x00000356       0x12 DoorSecurity_System_RFID_Keypad.o
                0x00000356                Initialise_INT0
 .text.Initialise_INT1
                0x00000368       0x12 DoorSecurity_System_RFID_Keypad.o
                0x00000368                Initialise_INT1
 .text.RFID_TAG_COMPARE
                0x0000037a       0x6c DoorSecurity_System_RFID_Keypad.o
                0x0000037a                RFID_TAG_COMPARE
 .text.__vector_2
                0x000003e6       0x6e DoorSecurity_System_RFID_Keypad.o
                0x000003e6                __vector_2
 .text.InitialiseTimer3_Servo_Timer
                0x00000454       0x3a DoorSecurity_System_RFID_Keypad.o
                0x00000454                InitialiseTimer3_Servo_Timer
 .text.InitialiseTimer1
                0x0000048e       0x2a DoorSecurity_System_RFID_Keypad.o
                0x0000048e                InitialiseTimer1
 .text.open_door
                0x000004b8       0x20 DoorSecurity_System_RFID_Keypad.o
                0x000004b8                open_door
 .text.close_door
                0x000004d8       0x24 DoorSecurity_System_RFID_Keypad.o
                0x000004d8                close_door
 .text.door_buzzer
                0x000004fc       0x52 DoorSecurity_System_RFID_Keypad.o
                0x000004fc                door_buzzer
 .text.__vector_1
                0x0000054e       0x66 DoorSecurity_System_RFID_Keypad.o
                0x0000054e                __vector_1
 .text.wrong_buzzer
                0x000005b4       0x2a DoorSecurity_System_RFID_Keypad.o
                0x000005b4                wrong_buzzer
 .text.ScanColumns
                0x000005de       0x1e DoorSecurity_System_RFID_Keypad.o
                0x000005de                ScanColumns
 .text.ScanKeyPad
                0x000005fc       0x2e DoorSecurity_System_RFID_Keypad.o
                0x000005fc                ScanKeyPad
 .text.securityCheck
                0x0000062a       0x7e DoorSecurity_System_RFID_Keypad.o
                0x0000062a                securityCheck
 .text.constructCode
                0x000006a8      0x142 DoorSecurity_System_RFID_Keypad.o
                0x000006a8                constructCode
 .text.DisplayKeyValue
                0x000007ea       0xb8 DoorSecurity_System_RFID_Keypad.o
                0x000007ea                DisplayKeyValue
 .text.main     0x000008a2      0x246 DoorSecurity_System_RFID_Keypad.o
                0x000008a2                main
 .text.__vector_17
                0x00000ae8       0xc2 DoorSecurity_System_RFID_Keypad.o
                0x00000ae8                __vector_17
 .text.libgcc   0x00000baa        0xc c:/program files (x86)/atmel/atmel toolchain/avr8 gcc/native/3.4.1061/avr8-gnu-toolchain/bin/../lib/gcc/avr/4.8.1/avr51\libgcc.a(_tablejump.o)
                0x00000baa                __tablejump2__
                0x00000bae                __tablejump__
                0x00000bb6                . = ALIGN (0x2)
 *(.fini9)
 .fini9         0x00000bb6        0x0 c:/program files (x86)/atmel/atmel toolchain/avr8 gcc/native/3.4.1061/avr8-gnu-toolchain/bin/../lib/gcc/avr/4.8.1/avr51\libgcc.a(_exit.o)
                0x00000bb6                _exit
                0x00000bb6                exit
 *(.fini9)
 *(.fini8)
 *(.fini8)
 *(.fini7)
 *(.fini7)
 *(.fini6)
 *(.fini6)
 *(.fini5)
 *(.fini5)
 *(.fini4)
 *(.fini4)
 *(.fini3)
 *(.fini3)
 *(.fini2)
 *(.fini2)
 *(.fini1)
 *(.fini1)
 *(.fini0)
 .fini0         0x00000bb6        0x4 c:/program files (x86)/atmel/atmel toolchain/avr8 gcc/native/3.4.1061/avr8-gnu-toolchain/bin/../lib/gcc/avr/4.8.1/avr51\libgcc.a(_exit.o)
 *(.fini0)
                0x00000bba                _etext = .

.data           0x00800200       0xe4 load address 0x00000bba
                0x00800200                PROVIDE (__data_start, .)
 *(.data)
 *(.data*)
 .data.REFERENCE_TAG_ID_CORRECT1
                0x00800200        0xa DoorSecurity_System_RFID_Keypad.o
                0x00800200                REFERENCE_TAG_ID_CORRECT1
 .data.REFERENCE_TAG_ID_CORRECT
                0x0080020a        0xa DoorSecurity_System_RFID_Keypad.o
                0x0080020a                REFERENCE_TAG_ID_CORRECT
 *(.rodata)
 *(.rodata*)
 .rodata.str1.1
                0x00800214       0xcf DoorSecurity_System_RFID_Keypad.o
 *(.gnu.linkonce.d*)
                0x008002e4                . = ALIGN (0x2)
 *fill*         0x008002e3        0x1 
                0x008002e4                _edata = .
                0x008002e4                PROVIDE (__data_end, .)

.bss            0x008002e4       0x2d
                0x008002e4                PROVIDE (__bss_start, .)
 *(.bss)
 *(.bss*)
 .bss.correctNumberNotEntered
                0x008002e4        0x2 DoorSecurity_System_RFID_Keypad.o
                0x008002e4                correctNumberNotEntered
 .bss.ElapsedSeconds_Count
                0x008002e6        0x2 DoorSecurity_System_RFID_Keypad.o
                0x008002e6                ElapsedSeconds_Count
 .bss.code      0x008002e8        0x2 DoorSecurity_System_RFID_Keypad.o
                0x008002e8                code
 .bss.keyPressedAmount
                0x008002ea        0x2 DoorSecurity_System_RFID_Keypad.o
                0x008002ea                keyPressedAmount
 *(COMMON)
 COMMON         0x008002ec       0x25 DoorSecurity_System_RFID_Keypad.o
                0x008002ec                keyCode
                0x008002ef                RFID_DATA_BUFFER
                0x008002ff                tempKeyCode
                0x00800302                keyValue
                0x00800303                correctKey
                0x00800305                LCDreg
                0x00800306                cardScanned
                0x00800308                buzz_value
                0x0080030a                wrong_value
                0x0080030c                RFID_BYTE_COUNT
                0x0080030d                iMatch
                0x0080030f                cardScanned2
                0x00800311                PROVIDE (__bss_end, .)
                0x00000bba                __data_load_start = LOADADDR (.data)
                0x00000c9e                __data_load_end = (__data_load_start + SIZEOF (.data))

.noinit         0x00800311        0x0
                0x00800311                PROVIDE (__noinit_start, .)
 *(.noinit*)
                0x00800311                PROVIDE (__noinit_end, .)
                0x00800311                _end = .
                0x00800311                PROVIDE (__heap_start, .)

.eeprom         0x00810000        0x0
 *(.eeprom*)
                0x00810000                __eeprom_end = .

.fuse
 *(.fuse)
 *(.lfuse)
 *(.hfuse)
 *(.efuse)

.lock
 *(.lock*)

.signature
 *(.signature*)

.user_signatures
 *(.user_signatures*)

.stab
 *(.stab)

.stabstr
 *(.stabstr)

.stab.excl
 *(.stab.excl)

.stab.exclstr
 *(.stab.exclstr)

.stab.index
 *(.stab.index)

.stab.indexstr
 *(.stab.indexstr)

.comment        0x00000000       0x30
 *(.comment)
 .comment       0x00000000       0x30 DoorSecurity_System_RFID_Keypad.o
                                 0x31 (size before relaxing)

.note.gnu.build-id
 *(.note.gnu.build-id)

.debug
 *(.debug)

.line
 *(.line)

.debug_srcinfo
 *(.debug_srcinfo)

.debug_sfnames
 *(.debug_sfnames)

.debug_aranges  0x00000000      0x1c0
 *(.debug_aranges)
 .debug_aranges
                0x00000000      0x1c0 DoorSecurity_System_RFID_Keypad.o

.debug_pubnames
 *(.debug_pubnames)

.debug_info     0x00000000     0x192f
 *(.debug_info .gnu.linkonce.wi.*)
 .debug_info    0x00000000     0x192f DoorSecurity_System_RFID_Keypad.o

.debug_abbrev   0x00000000      0x3ae
 *(.debug_abbrev)
 .debug_abbrev  0x00000000      0x3ae DoorSecurity_System_RFID_Keypad.o

.debug_line     0x00000000     0x1055
 *(.debug_line .debug_line.* .debug_line_end)
 .debug_line    0x00000000     0x1055 DoorSecurity_System_RFID_Keypad.o

.debug_frame    0x00000000      0x504
 *(.debug_frame)
 .debug_frame   0x00000000      0x504 DoorSecurity_System_RFID_Keypad.o

.debug_str      0x00000000      0x6e2
 *(.debug_str)
 .debug_str     0x00000000      0x6e2 DoorSecurity_System_RFID_Keypad.o
                                0x721 (size before relaxing)

.debug_loc      0x00000000     0x1169
 *(.debug_loc)
 .debug_loc     0x00000000     0x1169 DoorSecurity_System_RFID_Keypad.o

.debug_macinfo
 *(.debug_macinfo)

.debug_weaknames
 *(.debug_weaknames)

.debug_funcnames
 *(.debug_funcnames)

.debug_typenames
 *(.debug_typenames)

.debug_varnames
 *(.debug_varnames)

.debug_pubtypes
 *(.debug_pubtypes)

.debug_ranges   0x00000000      0x210
 *(.debug_ranges)
 .debug_ranges  0x00000000      0x210 DoorSecurity_System_RFID_Keypad.o

.debug_macro
 *(.debug_macro)
OUTPUT(DoorSecurity_System_RFID_Keypad.elf elf32-avr)
LOAD linker stubs
